[www.sydneyhappyhour.com/sydney-bars/index.html]
[backblue.gif]
[fade.gif]
[index.html]
[www.sydneyhappyhour.com/sydney-bars/index.html]
[www.sydneyhappyhour.com/sydney-bars/northern-beaches/index.html]
[www.sydneyhappyhour.com/sydney-bars/northern-beaches/index.html]
[www.sydneyhappyhour.com/sydney-bars/northern-beaches/the-steyne-hotel/index.html]
[www.sydneyhappyhour.com/sydney-bars/northern-beaches/the-steyne-hotel/index.html]
[www.sydneyhappyhour.com/sydney-bars/northern-beaches/4-pines/index.html]
[www.sydneyhappyhour.com/sydney-bars/northern-beaches/4-pines/index.html]
[www.sydneyhappyhour.com/sydney-bars/northern-beaches/belrose-bowling-club/index.html]
[www.sydneyhappyhour.com/sydney-bars/northern-beaches/belrose-bowling-club/index.html]
[www.sydneyhappyhour.com/sydney-bars/northern-beaches/harbord-beach-hotel/index.html]
[www.sydneyhappyhour.com/sydney-bars/northern-beaches/harbord-beach-hotel/index.html]
[www.sydneyhappyhour.com/sydney-bars/northern-beaches/harbord-bowling-club/index.html]
[www.sydneyhappyhour.com/sydney-bars/northern-beaches/harbord-bowling-club/index.html]
[www.sydneyhappyhour.com/sydney-bars/northern-beaches/harbord-diggers/index.html]
[www.sydneyhappyhour.com/sydney-bars/northern-beaches/harbord-diggers/index.html]
[www.sydneyhappyhour.com/sydney-bars/northern-beaches/manly-skiff-club/index.html]
[www.sydneyhappyhour.com/sydney-bars/northern-beaches/manly-skiff-club/index.html]
[www.sydneyhappyhour.com/sydney-bars/northern-beaches/manly-vale-calabria-bowling-sports-social-club/index.html]
[www.sydneyhappyhour.com/sydney-bars/northern-beaches/manly-vale-calabria-bowling-sports-social-club/index.html]
[www.sydneyhappyhour.com/sydney-bars/northern-beaches/mona-vale-hotel/index.html]
[www.sydneyhappyhour.com/sydney-bars/northern-beaches/mona-vale-hotel/index.html]
[www.sydneyhappyhour.com/sydney-bars/northern-beaches/newport-arms-hotel/index.html]
[www.sydneyhappyhour.com/sydney-bars/northern-beaches/newport-arms-hotel/index.html]
[www.sydneyhappyhour.com/sydney-bars/northern-beaches/the-old-manly-boatshed/index.html]
[www.sydneyhappyhour.com/sydney-bars/northern-beaches/the-old-manly-boatshed/index.html]
[www.sydneyhappyhour.com/sydney-bars/northern-beaches/palm-beach-rsl/index.html]
[www.sydneyhappyhour.com/sydney-bars/northern-beaches/palm-beach-rsl/index.html]
[www.sydneyhappyhour.com/sydney-bars/northern-beaches/surf-rock-hotel/index.html]
[www.sydneyhappyhour.com/sydney-bars/northern-beaches/surf-rock-hotel/index.html]
[www.sydneyhappyhour.com/sydney-bars/northern-beaches/the-brookvale-hotel/index.html]
[www.sydneyhappyhour.com/sydney-bars/northern-beaches/the-brookvale-hotel/index.html]
[www.sydneyhappyhour.com/sydney-bars/northern-beaches/the-ivanhoe-of-manly/index.html]
[www.sydneyhappyhour.com/sydney-bars/northern-beaches/the-ivanhoe-of-manly/index.html]
[www.sydneyhappyhour.com/sydney-bars/northern-beaches/manly-wharf-bar/index.html]
[www.sydneyhappyhour.com/sydney-bars/northern-beaches/manly-wharf-bar/index.html]
[www.sydneyhappyhour.com/sydney-bars/northern-beaches/the-new-brighton-hotel/index.html]
[www.sydneyhappyhour.com/sydney-bars/northern-beaches/the-new-brighton-hotel/index.html]
[www.sydneyhappyhour.com/sydney-bars/northern-beaches/the-steyne-hotel/feed/index.html]
[www.sydneyhappyhour.com/sydney-bars/northern-beaches/4-pines/feed/index.html]
[www.sydneyhappyhour.com/sydney-bars/lower-north-shore/the-oaks-hotel/index.html]
[www.sydneyhappyhour.com/sydney-bars/lower-north-shore/the-oaks-hotel/index.html]
[www.sydneyhappyhour.com/sydney-bars/the-eastern-suburbs/the-beach-palace-hotel/index.html]
[www.sydneyhappyhour.com/sydney-bars/the-eastern-suburbs/the-beach-palace-hotel/index.html]
[www.sydneyhappyhour.com/sydney-bars/northern-beaches/belrose-bowling-club/feed/index.html]
[www.sydneyhappyhour.com/sydney-bars/northern-beaches/harbord-beach-hotel/feed/index.html]
[www.sydneyhappyhour.com/sydney-bars/the-inner-west/zanzibar/index.html]
[www.sydneyhappyhour.com/sydney-bars/the-inner-west/zanzibar/index.html]
[www.sydneyhappyhour.com/sydney-bars/northern-beaches/harbord-bowling-club/feed/index.html]
[www.sydneyhappyhour.com/sydney-bars/northern-beaches/harbord-diggers/feed/index.html]
[www.sydneyhappyhour.com/sydney-bars/northern-beaches/manly-skiff-club/feed/index.html]
[www.sydneyhappyhour.com/sydney-bars/greater-western-sydney/index.html]
[www.sydneyhappyhour.com/sydney-bars/greater-western-sydney/index.html]
[www.sydneyhappyhour.com/sydney-bars/northern-beaches/manly-vale-calabria-bowling-sports-social-club/feed/index.html]
[www.sydneyhappyhour.com/sydney-bars/sydney-cbd/the-criterion-hotel/index.html]
[www.sydneyhappyhour.com/sydney-bars/sydney-cbd/the-criterion-hotel/index.html]
[www.sydneyhappyhour.com/sydney-bars/northern-beaches/mona-vale-hotel/feed/index.html]
[www.sydneyhappyhour.com/sydney-bars/the-inner-west/the-orange-grove-hotel/index.html]
[www.sydneyhappyhour.com/sydney-bars/the-inner-west/the-orange-grove-hotel/index.html]
[www.sydneyhappyhour.com/sydney-bars/northern-beaches/newport-arms-hotel/feed/index.html]
[www.sydneyhappyhour.com/sydney-bars/northern-beaches/the-old-manly-boatshed/feed/index.html]
[www.sydneyhappyhour.com/sydney-bars/northern-beaches/palm-beach-rsl/feed/index.html]
[www.sydneyhappyhour.com/sydney-bars/northern-beaches/surf-rock-hotel/feed/index.html]
[www.sydneyhappyhour.com/sydney-bars/northern-beaches/the-brookvale-hotel/feed/index.html]
[www.sydneyhappyhour.com/sydney-bars/sydney-cbd/lord-nelson-hotel/index.html]
[www.sydneyhappyhour.com/sydney-bars/sydney-cbd/lord-nelson-hotel/index.html]
[www.sydneyhappyhour.com/sydney-bars/northern-beaches/the-ivanhoe-of-manly/feed/index.html]
[www.sydneyhappyhour.com/sydney-bars/northern-beaches/manly-wharf-bar/feed/index.html]
[www.sydneyhappyhour.com/sydney-bars/northern-beaches/the-new-brighton-hotel/feed/index.html]
[www.sydneyhappyhour.com/sydney-bars/lower-north-shore/the-oaks-hotel/feed/index.html]
[www.sydneyhappyhour.com/sydney-bars/lower-north-shore/index.html]
[www.sydneyhappyhour.com/sydney-bars/lower-north-shore/index.html]
[www.sydneyhappyhour.com/sydney-bars/lower-north-shore/kirribilli-hotel/index.html]
[www.sydneyhappyhour.com/sydney-bars/lower-north-shore/kirribilli-hotel/index.html]
[www.sydneyhappyhour.com/sydney-bars/the-eastern-suburbs/the-beach-palace-hotel/feed/index.html]
[www.sydneyhappyhour.com/sydney-bars/the-eastern-suburbs/index.html]
[www.sydneyhappyhour.com/sydney-bars/the-eastern-suburbs/index.html]
[www.sydneyhappyhour.com/sydney-bars/lower-north-shore/hotel-cremorne/index.html]
[www.sydneyhappyhour.com/sydney-bars/lower-north-shore/hotel-cremorne/index.html]
[www.sydneyhappyhour.com/sydney-bars/the-inner-west/zanzibar/feed/index.html]
[www.sydneyhappyhour.com/sydney-bars/the-inner-west/index.html]
[www.sydneyhappyhour.com/sydney-bars/the-inner-west/www.tommysbeercafe.com.0.delayed]
[www.sydneyhappyhour.com/sydney-bars/the-inner-west/index.html]
[www.sydneyhappyhour.com/sydney-bars/sydney-cbd/sapphire-lounge/index.html]
[www.sydneyhappyhour.com/sydney-bars/sydney-cbd/sapphire-lounge/index.html]
[www.sydneyhappyhour.com/sydney-bars/sydney-cbd/the-criterion-hotel/feed/index.html]
[www.sydneyhappyhour.com/sydney-bars/sydney-cbd/index.html]
[www.sydneyhappyhour.com/sydney-bars/sydney-cbd/the-laugh-garage.1.delayed]
[www.sydneyhappyhour.com/sydney-bars/sydney-cbd/index.html]
[www.sydneyhappyhour.com/sydney-bars/the-inner-west/the-orange-grove-hotel/feed/index.html]
[www.sydneyhappyhour.com/sydney-bars/greater-western-sydney/woolpack-hotel/index.html]
[www.sydneyhappyhour.com/sydney-bars/greater-western-sydney/woolpack-hotel/index.html]
[www.sydneyhappyhour.com/sydney-bars/sydney-cbd/lord-nelson-hotel/feed/index.html]
[www.sydneyhappyhour.com/sydney-bars/sydney-cbd/kings-cross-hotel/index.html]
[www.sydneyhappyhour.com/sydney-bars/sydney-cbd/kings-cross-hotel/index.html]
[www.sydneyhappyhour.com/sydney-bars/lower-north-shore/feed/index.html]
[www.sydneyhappyhour.com/sydney-bars/the-inner-west/the-bridge-hotel/index.html]
[www.sydneyhappyhour.com/sydney-bars/the-inner-west/the-bridge-hotel/index.html]
[www.sydneyhappyhour.com/sydney-bars/lower-north-shore/mumu-grill/index.html]
[www.sydneyhappyhour.com/sydney-bars/lower-north-shore/mumu-grill/index.html]
[www.sydneyhappyhour.com/sydney-bars/lower-north-shore/bazzar-bier-cafe/index.html]
[www.sydneyhappyhour.com/sydney-bars/lower-north-shore/bazzar-bier-cafe/index.html]
[www.sydneyhappyhour.com/sydney-bars/lower-north-shore/chelsea-hotel/index.html]
[www.sydneyhappyhour.com/sydney-bars/lower-north-shore/chelsea-hotel/index.html]
[www.sydneyhappyhour.com/sydney-bars/lower-north-shore/crows-nest-hotel/index.html]
[www.sydneyhappyhour.com/sydney-bars/lower-north-shore/crows-nest-hotel/index.html]
[www.sydneyhappyhour.com/sydney-bars/lower-north-shore/gilroys-hotel/index.html]
[www.sydneyhappyhour.com/sydney-bars/lower-north-shore/gilroys-hotel/index.html]
[www.sydneyhappyhour.com/sydney-bars/lower-north-shore/kirribilli-club/index.html]
[www.sydneyhappyhour.com/sydney-bars/lower-north-shore/kirribilli-club/index.html]
[www.sydneyhappyhour.com/sydney-bars/lower-north-shore/mount-street-terrace-hotel/index.html]
[www.sydneyhappyhour.com/sydney-bars/lower-north-shore/mount-street-terrace-hotel/index.html]
[www.sydneyhappyhour.com/sydney-bars/lower-north-shore/the-station-hotel/index.html]
[www.sydneyhappyhour.com/sydney-bars/lower-north-shore/the-station-hotel/index.html]
[www.sydneyhappyhour.com/sydney-bars/lower-north-shore/the-commodore-hotel/index.html]
[www.sydneyhappyhour.com/sydney-bars/lower-north-shore/the-commodore-hotel/index.html]
[www.sydneyhappyhour.com/sydney-bars/lower-north-shore/the-greenwood-hotel/index.html]
[www.sydneyhappyhour.com/sydney-bars/lower-north-shore/the-greenwood-hotel/index.html]
[www.sydneyhappyhour.com/sydney-bars/lower-north-shore/the-rag-and-famish/index.html]
[www.sydneyhappyhour.com/sydney-bars/lower-north-shore/the-rag-and-famish/index.html]
[www.sydneyhappyhour.com/sydney-bars/lower-north-shore/the-terrace-hotel/index.html]
[www.sydneyhappyhour.com/sydney-bars/lower-north-shore/the-terrace-hotel/index.html]
[www.sydneyhappyhour.com/sydney-bars/lower-north-shore/the-union-hotel/index.html]
[www.sydneyhappyhour.com/sydney-bars/lower-north-shore/the-union-hotel/index.html]
[www.sydneyhappyhour.com/sydney-bars/lower-north-shore/woolwhich-pier-hotel/index.html]
[www.sydneyhappyhour.com/sydney-bars/lower-north-shore/woolwhich-pier-hotel/index.html]
[www.sydneyhappyhour.com/sydney-bars/lower-north-shore/kirribilli-hotel/feed/index.html]
[www.sydneyhappyhour.com/sydney-bars/greater-western-sydney/o-donoghues/index.html]
[www.sydneyhappyhour.com/sydney-bars/greater-western-sydney/o-donoghues/index.html]
[www.sydneyhappyhour.com/sydney-bars/the-eastern-suburbs/beach-palace/index.html]
[www.sydneyhappyhour.com/sydney-bars/the-eastern-suburbs/beach-palace/index.html]
[www.sydneyhappyhour.com/sydney-bars/the-eastern-suburbs/the-bondi-icebergs/index.html]
[www.sydneyhappyhour.com/sydney-bars/the-eastern-suburbs/the-bondi-icebergs/index.html]
[www.sydneyhappyhour.com/sydney-bars/the-eastern-suburbs/bondi-social/index.html]
[www.sydneyhappyhour.com/sydney-bars/the-eastern-suburbs/bondi-social/index.html]
[www.sydneyhappyhour.com/sydney-bars/the-eastern-suburbs/cock-n-bull-hotel/index.html]
[www.sydneyhappyhour.com/sydney-bars/the-eastern-suburbs/cock-n-bull-hotel/index.html]
[www.sydneyhappyhour.com/sydney-bars/the-eastern-suburbs/the-coogee-bay-hotel/index.html]
[www.sydneyhappyhour.com/sydney-bars/the-eastern-suburbs/the-coogee-bay-hotel/index.html]
[www.sydneyhappyhour.com/sydney-bars/the-eastern-suburbs/coogee-cafe-after-dark/index.html]
[www.sydneyhappyhour.com/sydney-bars/the-eastern-suburbs/coogee-cafe-after-dark/index.html]
[www.sydneyhappyhour.com/sydney-bars/the-eastern-suburbs/durty-nellys/index.html]
[www.sydneyhappyhour.com/sydney-bars/the-eastern-suburbs/durty-nellys/index.html]
[www.sydneyhappyhour.com/sydney-bars/the-eastern-suburbs/the-goldfish/index.html]
[www.sydneyhappyhour.com/sydney-bars/the-eastern-suburbs/the-goldfish/index.html]
[www.sydneyhappyhour.com/sydney-bars/the-eastern-suburbs/maroobra-bay-hotel/index.html]
[www.sydneyhappyhour.com/sydney-bars/the-eastern-suburbs/maroobra-bay-hotel/index.html]
[www.sydneyhappyhour.com/sydney-bars/the-eastern-suburbs/the-peppermint-lounge/index.html]
[www.sydneyhappyhour.com/sydney-bars/the-eastern-suburbs/the-peppermint-lounge/index.html]
[www.sydneyhappyhour.com/sydney-bars/the-eastern-suburbs/prague-beer-restaurant/index.html]
[www.sydneyhappyhour.com/sydney-bars/the-eastern-suburbs/prague-beer-restaurant/index.html]
[www.sydneyhappyhour.com/sydney-bars/the-eastern-suburbs/the-bondi-hotel/index.html]
[www.sydneyhappyhour.com/sydney-bars/the-eastern-suburbs/the-bondi-hotel/index.html]
[www.sydneyhappyhour.com/sydney-bars/the-eastern-suburbs/horses-and-coaches/index.html]
[www.sydneyhappyhour.com/sydney-bars/the-eastern-suburbs/horses-and-coaches/index.html]
[www.sydneyhappyhour.com/sydney-bars/the-eastern-suburbs/the-doncaster/index.html]
[www.sydneyhappyhour.com/sydney-bars/the-eastern-suburbs/the-doncaster/index.html]
[www.sydneyhappyhour.com/sydney-bars/the-eastern-suburbs/the-eastern/index.html]
[www.sydneyhappyhour.com/sydney-bars/the-eastern-suburbs/the-eastern/index.html]
[www.sydneyhappyhour.com/sydney-bars/the-eastern-suburbs/the-vegas-hotel/index.html]
[www.sydneyhappyhour.com/sydney-bars/the-eastern-suburbs/the-vegas-hotel/index.html]
[www.sydneyhappyhour.com/sydney-bars/lower-north-shore/hotel-cremorne/feed/index.html]
[www.sydneyhappyhour.com/sydney-bars/sydney-cbd/the-porterhouse/index.html]
[www.sydneyhappyhour.com/sydney-bars/sydney-cbd/the-porterhouse/index.html]
[www.sydneyhappyhour.com/sydney-bars/the-inner-west/feed/index.html]
[www.sydneyhappyhour.com/sydney-bars/sydney-cbd/the-brooklyn-hotel/index.html]
[www.sydneyhappyhour.com/sydney-bars/sydney-cbd/the-brooklyn-hotel/index.html]
[www.sydneyhappyhour.com/sydney-bars/the-inner-west/warren-view-hotel/index.html]
[www.sydneyhappyhour.com/sydney-bars/the-inner-west/warren-view-hotel/index.html]
[www.sydneyhappyhour.com/sydney-bars/the-inner-west/australian-youth-hotel/index.html]
[www.sydneyhappyhour.com/sydney-bars/the-inner-west/australian-youth-hotel/index.html]
[www.sydneyhappyhour.com/sydney-bars/greater-western-sydney/canley-heights-rsl/index.html]
[www.sydneyhappyhour.com/sydney-bars/greater-western-sydney/canley-heights-rsl/index.html]
[www.sydneyhappyhour.com/sydney-bars/the-inner-west/cat-and-fiddle-hotel/index.html]
[www.sydneyhappyhour.com/sydney-bars/the-inner-west/cat-and-fiddle-hotel/index.html]
[www.sydneyhappyhour.com/sydney-bars/the-inner-west/drummoyne-sports-club/index.html]
[www.sydneyhappyhour.com/sydney-bars/the-inner-west/drummoyne-sports-club/index.html]
[www.sydneyhappyhour.com/sydney-bars/the-inner-west/duck-and-swan-hotel/index.html]
[www.sydneyhappyhour.com/sydney-bars/the-inner-west/duck-and-swan-hotel/index.html]
[www.sydneyhappyhour.com/sydney-bars/the-inner-west/flying-fajita-sistas/index.html]
[www.sydneyhappyhour.com/sydney-bars/the-inner-west/flying-fajita-sistas/index.html]
[www.sydneyhappyhour.com/sydney-bars/the-inner-west/forest-lodge-hotel/index.html]
[www.sydneyhappyhour.com/sydney-bars/the-inner-west/forest-lodge-hotel/index.html]
[www.sydneyhappyhour.com/sydney-bars/the-inner-west/freaky-tiki/index.html]
[www.sydneyhappyhour.com/sydney-bars/the-inner-west/freaky-tiki/174 King St Newtown.2.delayed]
[www.sydneyhappyhour.com/sydney-bars/the-inner-west/freaky-tiki/index.html]
[www.sydneyhappyhour.com/sydney-bars/the-inner-west/friend-in-hand/index.html]
[www.sydneyhappyhour.com/sydney-bars/the-inner-west/friend-in-hand/index.html]
[www.sydneyhappyhour.com/sydney-bars/the-inner-west/madame-fling-flong/index.html]
[www.sydneyhappyhour.com/sydney-bars/the-inner-west/madame-fling-flong/index.html]
[www.sydneyhappyhour.com/sydney-bars/the-inner-west/malborough-hotel/index.html]
[www.sydneyhappyhour.com/sydney-bars/the-inner-west/malborough-hotel/index.html]
[www.sydneyhappyhour.com/sydney-bars/the-inner-west/nags-head/index.html]
[www.sydneyhappyhour.com/sydney-bars/the-inner-west/nags-head/index.html]
[www.sydneyhappyhour.com/sydney-bars/the-inner-west/nags-head-hotel/index.html]
[www.sydneyhappyhour.com/sydney-bars/the-inner-west/nags-head-hotel/index.html]
[www.sydneyhappyhour.com/sydney-bars/the-inner-west/paddys-brewery/index.html]
[www.sydneyhappyhour.com/sydney-bars/the-inner-west/paddys-brewery/index.html]
[www.sydneyhappyhour.com/sydney-bars/the-inner-west/red-lion-hotel/index.html]
[www.sydneyhappyhour.com/sydney-bars/the-inner-west/red-lion-hotel/index.html]
[www.sydneyhappyhour.com/sydney-bars/the-inner-west/sandringham-hotel/index.html]
[www.sydneyhappyhour.com/sydney-bars/the-inner-west/sandringham-hotel/index.html]
[www.sydneyhappyhour.com/sydney-bars/the-inner-west/the-ab-hotel/index.html]
[www.sydneyhappyhour.com/sydney-bars/the-inner-west/the-ab-hotel/index.html]
[www.sydneyhappyhour.com/sydney-bars/the-inner-west/the-coopers-hotel/index.html]
[www.sydneyhappyhour.com/sydney-bars/the-inner-west/the-coopers-hotel/index.html]
[www.sydneyhappyhour.com/sydney-bars/the-inner-west/the-duke-of-edinburgh-hotel/index.html]
[www.sydneyhappyhour.com/sydney-bars/the-inner-west/the-duke-of-edinburgh-hotel/index.html]
[www.sydneyhappyhour.com/sydney-bars/the-inner-west/the-riverview-hotel/index.html]
[www.sydneyhappyhour.com/sydney-bars/the-inner-west/the-riverview-hotel/index.html]
[www.sydneyhappyhour.com/sydney-bars/the-inner-west/the-roxbury/index.html]
[www.sydneyhappyhour.com/sydney-bars/the-inner-west/the-roxbury/index.html]
[www.sydneyhappyhour.com/sydney-bars/the-inner-west/the-town-hall-hotel/index.html]
[www.sydneyhappyhour.com/sydney-bars/the-inner-west/the-town-hall-hotel/index.html]
[www.sydneyhappyhour.com/sydney-bars/the-inner-west/tommys-beer-cafe/index.html]
[www.sydneyhappyhour.com/sydney-bars/the-inner-west/tommys-beer-cafe/www.tommysbeercafe.com.3.delayed]
[www.sydneyhappyhour.com/sydney-bars/the-inner-west/tommys-beer-cafe/index.html]
[www.sydneyhappyhour.com/sydney-bars/the-inner-west/universale-hotel/index.html]
[www.sydneyhappyhour.com/sydney-bars/the-inner-west/universale-hotel/index.html]
[www.sydneyhappyhour.com/sydney-bars/the-inner-west/www.tommysbeercafe.com.html]
[www.sydneyhappyhour.com/sydney-bars/sydney-cbd/sapphire-lounge/feed/index.html]
[www.sydneyhappyhour.com/sydney-bars/sydney-cbd/jacksons-on-george/index.html]
[www.sydneyhappyhour.com/sydney-bars/sydney-cbd/jacksons-on-george/index.html]
[www.sydneyhappyhour.com/sydney-bars/sydney-cbd/v-bar/index.html]
[www.sydneyhappyhour.com/sydney-bars/sydney-cbd/v-bar/index.html]
[www.sydneyhappyhour.com/sydney-bars/sydney-cbd/albion-place-hotel/index.html]
[www.sydneyhappyhour.com/sydney-bars/sydney-cbd/albion-place-hotel/index.html]
[www.sydneyhappyhour.com/sydney-bars/sydney-cbd/ambar/index.html]
[www.sydneyhappyhour.com/sydney-bars/sydney-cbd/ambar/index.html]
[www.sydneyhappyhour.com/sydney-bars/sydney-cbd/aurora-bar-lounge/index.html]
[www.sydneyhappyhour.com/sydney-bars/sydney-cbd/aurora-bar-lounge/index.html]
[www.sydneyhappyhour.com/sydney-bars/sydney-cbd/aurora-hotel/index.html]
[www.sydneyhappyhour.com/sydney-bars/sydney-cbd/aurora-hotel/index.html]
[www.sydneyhappyhour.com/sydney-bars/sydney-cbd/bar-333/index.html]
[www.sydneyhappyhour.com/sydney-bars/sydney-cbd/bar-333/index.html]
[www.sydneyhappyhour.com/sydney-bars/sydney-cbd/bar-ace/index.html]
[www.sydneyhappyhour.com/sydney-bars/sydney-cbd/bar-ace/index.html]
[www.sydneyhappyhour.com/sydney-bars/sydney-cbd/bar-century/index.html]
[www.sydneyhappyhour.com/sydney-bars/sydney-cbd/bar-century/index.html]
[www.sydneyhappyhour.com/sydney-bars/sydney-cbd/bar-europa/index.html]
[www.sydneyhappyhour.com/sydney-bars/sydney-cbd/bar-europa/index.html]
[www.sydneyhappyhour.com/sydney-bars/sydney-cbd/belgian-beer-cafe-the-rocks/index.html]
[www.sydneyhappyhour.com/sydney-bars/sydney-cbd/belgian-beer-cafe-the-rocks/index.html]
[www.sydneyhappyhour.com/sydney-bars/sydney-cbd/bentley-restuarant-bar/index.html]
[www.sydneyhappyhour.com/sydney-bars/sydney-cbd/bentley-restuarant-bar/index.html]
[www.sydneyhappyhour.com/sydney-bars/sydney-cbd/cargo-bar/index.html]
[www.sydneyhappyhour.com/sydney-bars/sydney-cbd/cargo-bar/index.html]
[www.sydneyhappyhour.com/sydney-bars/sydney-cbd/central-hotel/index.html]
[www.sydneyhappyhour.com/sydney-bars/sydney-cbd/central-hotel/index.html]
[www.sydneyhappyhour.com/sydney-bars/sydney-cbd/charlie-chans/index.html]
[www.sydneyhappyhour.com/sydney-bars/sydney-cbd/charlie-chans/index.html]
[www.sydneyhappyhour.com/sydney-bars/sydney-cbd/city-hotel/index.html]
[www.sydneyhappyhour.com/sydney-bars/sydney-cbd/city-hotel/index.html]
[www.sydneyhappyhour.com/sydney-bars/sydney-cbd/city-of-sydney-rsl/index.html]
[www.sydneyhappyhour.com/sydney-bars/sydney-cbd/city-of-sydney-rsl/index.html]
[www.sydneyhappyhour.com/sydney-bars/sydney-cbd/cohi-bar/index.html]
[www.sydneyhappyhour.com/sydney-bars/sydney-cbd/cohi-bar/index.html]
[www.sydneyhappyhour.com/sydney-bars/sydney-cbd/cruise-bar/index.html]
[www.sydneyhappyhour.com/sydney-bars/sydney-cbd/cruise-bar/index.html]
[www.sydneyhappyhour.com/sydney-bars/sydney-cbd/eden-bar-restaurant/index.html]
[www.sydneyhappyhour.com/sydney-bars/sydney-cbd/eden-bar-restaurant/index.html]
[www.sydneyhappyhour.com/sydney-bars/edinburgh-castle-hotel/index.html]
[www.sydneyhappyhour.com/sydney-bars/edinburgh-castle-hotel/index.html]
[www.sydneyhappyhour.com/sydney-bars/sydney-cbd/firefly-wine-tapas-bar/index.html]
[www.sydneyhappyhour.com/sydney-bars/sydney-cbd/firefly-wine-tapas-bar/index.html]
[www.sydneyhappyhour.com/sydney-bars/sydney-cbd/harts-pub/index.html]
[www.sydneyhappyhour.com/sydney-bars/sydney-cbd/harts-pub/index.html]
[www.sydneyhappyhour.com/sydney-bars/sydney-cbd/haymarket-hotel/index.html]
[www.sydneyhappyhour.com/sydney-bars/sydney-cbd/haymarket-hotel/index.html]
[www.sydneyhappyhour.com/sydney-bars/sydney-cbd/helm-bar/index.html]
[www.sydneyhappyhour.com/sydney-bars/sydney-cbd/helm-bar/index.html]
[www.sydneyhappyhour.com/sydney-bars/sydney-cbd/hotel-chambers/index.html]
[www.sydneyhappyhour.com/sydney-bars/sydney-cbd/hotel-chambers/index.html]
[www.sydneyhappyhour.com/sydney-bars/sydney-cbd/hotel-clarendon/index.html]
[www.sydneyhappyhour.com/sydney-bars/sydney-cbd/hotel-clarendon/index.html]
[www.sydneyhappyhour.com/sydney-bars/sydney-cbd/hotel-coronation/index.html]
[www.sydneyhappyhour.com/sydney-bars/sydney-cbd/hotel-coronation/index.html]
[www.sydneyhappyhour.com/sydney-bars/sydney-cbd/lord-roberts-hotel/index.html]
[www.sydneyhappyhour.com/sydney-bars/sydney-cbd/lord-roberts-hotel/index.html]
[www.sydneyhappyhour.com/sydney-bars/sydney-cbd/lord-wolseley/index.html]
[www.sydneyhappyhour.com/sydney-bars/sydney-cbd/lord-wolseley/index.html]
[www.sydneyhappyhour.com/sydney-bars/sydney-cbd/the-lowenbrau/index.html]
[www.sydneyhappyhour.com/sydney-bars/sydney-cbd/the-lowenbrau/index.html]
[www.sydneyhappyhour.com/sydney-bars/sydney-cbd/maloneys-hotel/index.html]
[www.sydneyhappyhour.com/sydney-bars/sydney-cbd/maloneys-hotel/index.html]
[www.sydneyhappyhour.com/sydney-bars/sydney-cbd/mars-lounge/index.html]
[www.sydneyhappyhour.com/sydney-bars/sydney-cbd/mars-lounge/index.html]
[www.sydneyhappyhour.com/sydney-bars/sydney-cbd/martin-place-bar/index.html]
[www.sydneyhappyhour.com/sydney-bars/sydney-cbd/martin-place-bar/index.html]
[www.sydneyhappyhour.com/sydney-bars/sydney-cbd/mos-cafe/index.html]
[www.sydneyhappyhour.com/sydney-bars/sydney-cbd/mos-cafe/index.html]
[www.sydneyhappyhour.com/sydney-bars/sydney-cbd/mrs-bs/index.html]
[www.sydneyhappyhour.com/sydney-bars/sydney-cbd/mrs-bs/index.html]
[www.sydneyhappyhour.com/sydney-bars/sydney-cbd/one-world-sport/index.html]
[www.sydneyhappyhour.com/sydney-bars/sydney-cbd/one-world-sport/index.html]
[www.sydneyhappyhour.com/sydney-bars/sydney-cbd/pj-gallaghers/index.html]
[www.sydneyhappyhour.com/sydney-bars/sydney-cbd/pj-gallaghers/index.html]
[www.sydneyhappyhour.com/sydney-bars/sydney-cbd/pj-obriens/index.html]
[www.sydneyhappyhour.com/sydney-bars/sydney-cbd/pj-obriens/index.html]
[www.sydneyhappyhour.com/sydney-bars/sydney-cbd/the-pontoon-bar/index.html]
[www.sydneyhappyhour.com/sydney-bars/sydney-cbd/the-pontoon-bar/index.html]
[www.sydneyhappyhour.com/sydney-bars/sydney-cbd/red-oak-beer-cafe/index.html]
[www.sydneyhappyhour.com/sydney-bars/sydney-cbd/red-oak-beer-cafe/index.html]
[www.sydneyhappyhour.com/sydney-bars/sydney-cbd/roofbar/index.html]
[www.sydneyhappyhour.com/sydney-bars/sydney-cbd/roofbar/index.html]
[www.sydneyhappyhour.com/sydney-bars/sydney-cbd/rosies-tavern/index.html]
[www.sydneyhappyhour.com/sydney-bars/sydney-cbd/rosies-tavern/index.html]
[www.sydneyhappyhour.com/sydney-bars/sydney-cbd/sanctuary-hotel/index.html]
[www.sydneyhappyhour.com/sydney-bars/sydney-cbd/sanctuary-hotel/index.html]
[www.sydneyhappyhour.com/sydney-bars/sydney-cbd/scruffy-murphys/index.html]
[www.sydneyhappyhour.com/sydney-bars/sydney-cbd/scruffy-murphys/index.html]
[www.sydneyhappyhour.com/sydney-bars/sydney-cbd/scubar/index.html]
[www.sydneyhappyhour.com/sydney-bars/sydney-cbd/scubar/index.html]
[www.sydneyhappyhour.com/sydney-bars/sydney-cbd/searock-bar/index.html]
[www.sydneyhappyhour.com/sydney-bars/sydney-cbd/searock-bar/index.html]
[www.sydneyhappyhour.com/sydney-bars/sydney-cbd/the-shark-hotel/index.html]
[www.sydneyhappyhour.com/sydney-bars/sydney-cbd/the-shark-hotel/index.html]
[www.sydneyhappyhour.com/sydney-bars/sydney-cbd/sir-john-young-hotel/index.html]
[www.sydneyhappyhour.com/sydney-bars/sydney-cbd/sir-john-young-hotel/index.html]
[www.sydneyhappyhour.com/sydney-bars/sydney-cbd/slip-inn/index.html]
[www.sydneyhappyhour.com/sydney-bars/sydney-cbd/slip-inn/index.html]
[www.sydneyhappyhour.com/sydney-bars/sydney-cbd/small-bar/index.html]
[www.sydneyhappyhour.com/sydney-bars/sydney-cbd/small-bar/index.html]
[www.sydneyhappyhour.com/sydney-bars/sydney-cbd/statement-lounge-bar/index.html]
[www.sydneyhappyhour.com/sydney-bars/sydney-cbd/statement-lounge-bar/index.html]
[www.sydneyhappyhour.com/sydney-bars/sydney-cbd/sydney-bowlers-club/index.html]
[www.sydneyhappyhour.com/sydney-bars/sydney-cbd/sydney-bowlers-club/index.html]
[www.sydneyhappyhour.com/sydney-bars/sydney-cbd/the-arthouse-hotel/index.html]
[www.sydneyhappyhour.com/sydney-bars/sydney-cbd/the-arthouse-hotel/index.html]
[www.sydneyhappyhour.com/sydney-bars/sydney-cbd/the-australian-hotel/index.html]
[www.sydneyhappyhour.com/sydney-bars/sydney-cbd/the-australian-hotel/index.html]
[www.sydneyhappyhour.com/sydney-bars/sydney-cbd/the-belvedere-hotel/index.html]
[www.sydneyhappyhour.com/sydney-bars/sydney-cbd/the-belvedere-hotel/index.html]
[www.sydneyhappyhour.com/sydney-bars/sydney-cbd/the-beresford-hotel/index.html]
[www.sydneyhappyhour.com/sydney-bars/sydney-cbd/the-beresford-hotel/index.html]
[www.sydneyhappyhour.com/sydney-bars/sydney-cbd/the-clare-hotel/index.html]
[www.sydneyhappyhour.com/sydney-bars/sydney-cbd/the-clare-hotel/index.html]
[www.sydneyhappyhour.com/sydney-bars/sydney-cbd/the-clock-hotel/index.html]
[www.sydneyhappyhour.com/sydney-bars/sydney-cbd/the-clock-hotel/index.html]
[www.sydneyhappyhour.com/sydney-bars/sydney-cbd/the-colombian-hotel/index.html]
[www.sydneyhappyhour.com/sydney-bars/sydney-cbd/the-colombian-hotel/index.html]
[www.sydneyhappyhour.com/sydney-bars/sydney-cbd/the-courthouse-hotel/index.html]
[www.sydneyhappyhour.com/sydney-bars/sydney-cbd/the-courthouse-hotel/index.html]
[www.sydneyhappyhour.com/sydney-bars/the-criterion-hotel/index.html]
[www.sydneyhappyhour.com/sydney-bars/the-criterion-hotel/index.html]
[www.sydneyhappyhour.com/sydney-bars/sydney-cbd/the-establishment/index.html]
[www.sydneyhappyhour.com/sydney-bars/sydney-cbd/the-establishment/index.html]
[www.sydneyhappyhour.com/sydney-bars/sydney-cbd/the-forbes-hotel/index.html]
[www.sydneyhappyhour.com/sydney-bars/sydney-cbd/the-forbes-hotel/index.html]
[www.sydneyhappyhour.com/sydney-bars/sydney-cbd/the-glenmore-hotel/index.html]
[www.sydneyhappyhour.com/sydney-bars/sydney-cbd/the-glenmore-hotel/index.html]
[www.sydneyhappyhour.com/sydney-bars/sydney-cbd/the-hunter-hotel/index.html]
[www.sydneyhappyhour.com/sydney-bars/sydney-cbd/the-hunter-hotel/index.html]
[www.sydneyhappyhour.com/sydney-bars/sydney-cbd/the-laugh-garage/index.html]
[www.sydneyhappyhour.com/sydney-bars/sydney-cbd/the-laugh-garage/index.html]
[www.sydneyhappyhour.com/sydney-bars/the-local-taphouse/index.html]
[www.sydneyhappyhour.com/sydney-bars/the-local-taphouse/index.html]
[www.sydneyhappyhour.com/sydney-bars/sydney-cbd/the-macquarie-hotel/index.html]
[www.sydneyhappyhour.com/sydney-bars/sydney-cbd/the-macquarie-hotel/index.html]
[www.sydneyhappyhour.com/sydney-bars/sydney-cbd/the-orbit-bar/index.html]
[www.sydneyhappyhour.com/sydney-bars/sydney-cbd/the-orbit-bar/index.html]
[www.sydneyhappyhour.com/sydney-bars/sydney-cbd/the-oxford-hotel/index.html]
[www.sydneyhappyhour.com/sydney-bars/sydney-cbd/the-oxford-hotel/index.html]
[www.sydneyhappyhour.com/sydney-bars/sydney-cbd/the-peppermint-lounge/index.html]
[www.sydneyhappyhour.com/sydney-bars/sydney-cbd/the-peppermint-lounge/index.html]
[www.sydneyhappyhour.com/sydney-bars/sydney-cbd/the-pumphouse-bar/index.html]
[www.sydneyhappyhour.com/sydney-bars/sydney-cbd/the-pumphouse-bar/index.html]
[www.sydneyhappyhour.com/sydney-bars/sydney-cbd/the-rose-hotel/index.html]
[www.sydneyhappyhour.com/sydney-bars/sydney-cbd/the-rose-hotel/index.html]
[www.sydneyhappyhour.com/sydney-bars/sydney-cbd/the-scary-canary/index.html]
[www.sydneyhappyhour.com/sydney-bars/sydney-cbd/the-scary-canary/index.html]
[www.sydneyhappyhour.com/sydney-bars/sydney-cbd/the-star-bar/index.html]
[www.sydneyhappyhour.com/sydney-bars/sydney-cbd/the-star-bar/index.html]
[www.sydneyhappyhour.com/sydney-bars/sydney-cbd/the-verandah-bar/index.html]
[www.sydneyhappyhour.com/sydney-bars/sydney-cbd/the-verandah-bar/index.html]
[www.sydneyhappyhour.com/sydney-bars/sydney-cbd/the-watershed-hotel/index.html]
[www.sydneyhappyhour.com/sydney-bars/sydney-cbd/the-watershed-hotel/index.html]
[www.sydneyhappyhour.com/sydney-bars/sydney-cbd/the-white-horse/index.html]
[www.sydneyhappyhour.com/sydney-bars/sydney-cbd/the-white-horse/index.html]
[www.sydneyhappyhour.com/sydney-bars/sydney-cbd/the-winery/index.html]
[www.sydneyhappyhour.com/sydney-bars/sydney-cbd/the-winery/index.html]
[www.sydneyhappyhour.com/sydney-bars/sydney-cbd/the-world-bar/index.html]
[www.sydneyhappyhour.com/sydney-bars/sydney-cbd/the-world-bar/index.html]
[www.sydneyhappyhour.com/sydney-bars/sydney-cbd/the-wynard-hotel/index.html]
[www.sydneyhappyhour.com/sydney-bars/sydney-cbd/the-wynard-hotel/index.html]
[www.sydneyhappyhour.com/sydney-bars/sydney-cbd/tone/index.html]
[www.sydneyhappyhour.com/sydney-bars/sydney-cbd/tone/index.html]
[www.sydneyhappyhour.com/sydney-bars/sydney-cbd/trumps-tavern/index.html]
[www.sydneyhappyhour.com/sydney-bars/sydney-cbd/trumps-tavern/index.html]
[www.sydneyhappyhour.com/sydney-bars/sydney-cbd/ventuno/index.html]
[www.sydneyhappyhour.com/sydney-bars/sydney-cbd/ventuno/index.html]
[www.sydneyhappyhour.com/sydney-bars/sydney-cbd/world-tower-hotel/index.html]
[www.sydneyhappyhour.com/sydney-bars/sydney-cbd/world-tower-hotel/index.html]
[www.sydneyhappyhour.com/sydney-bars/sydney-cbd/zeta-bar/index.html]
[www.sydneyhappyhour.com/sydney-bars/sydney-cbd/zeta-bar/index.html]
[www.sydneyhappyhour.com/sydney-bars/greater-western-sydney/woolpack-hotel/feed/index.html]
[www.sydneyhappyhour.com/sydney-bars/sydney-cbd/kings-cross-hotel/feed/index.html]
[www.sydneyhappyhour.com/sydney-bars/the-inner-west/the-bridge-hotel/feed/index.html]
[www.sydneyhappyhour.com/sydney-bars/lower-north-shore/mumu-grill/feed/index.html]
[www.sydneyhappyhour.com/sydney-bars/lower-north-shore/bazzar-bier-cafe/feed/index.html]
[www.sydneyhappyhour.com/sydney-bars/lower-north-shore/chelsea-hotel/feed/index.html]
[www.sydneyhappyhour.com/sydney-bars/lower-north-shore/crows-nest-hotel/feed/index.html]
[www.sydneyhappyhour.com/sydney-bars/lower-north-shore/gilroys-hotel/feed/index.html]
[www.sydneyhappyhour.com/sydney-bars/north-shore/the-greengate-hotel/index.html]
[www.sydneyhappyhour.com/sydney-bars/north-shore/the-greengate-hotel/index.html]
[www.sydneyhappyhour.com/sydney-bars/lower-north-shore/kirribilli-club/feed/index.html]
[www.sydneyhappyhour.com/sydney-bars/lower-north-shore/mount-street-terrace-hotel/feed/index.html]
[www.sydneyhappyhour.com/sydney-bars/lower-north-shore/the-station-hotel/feed/index.html]
[www.sydneyhappyhour.com/sydney-bars/lower-north-shore/the-commodore-hotel/feed/index.html]
[www.sydneyhappyhour.com/sydney-bars/lower-north-shore/the-greenwood-hotel/feed/index.html]
[www.sydneyhappyhour.com/sydney-bars/lower-north-shore/the-rag-and-famish/feed/index.html]
[www.sydneyhappyhour.com/sydney-bars/lower-north-shore/the-terrace-hotel/feed/index.html]
[www.sydneyhappyhour.com/sydney-bars/lower-north-shore/the-union-hotel/feed/index.html]
[www.sydneyhappyhour.com/sydney-bars/lower-north-shore/woolwhich-pier-hotel/feed/index.html]
[www.sydneyhappyhour.com/sydney-bars/north-shore/index.html]
[www.sydneyhappyhour.com/sydney-bars/north-shore/index.html]
[www.sydneyhappyhour.com/sydney-bars/greater-western-sydney/o-donoghues/feed/index.html]
[www.sydneyhappyhour.com/sydney-bars/the-eastern-suburbs/the-bondi-icebergs/feed/index.html]
[www.sydneyhappyhour.com/sydney-bars/the-eastern-suburbs/bondi-social/feed/index.html]
[www.sydneyhappyhour.com/sydney-bars/the-eastern-suburbs/cock-n-bull-hotel/feed/index.html]
[www.sydneyhappyhour.com/sydney-bars/the-eastern-suburbs/the-coogee-bay-hotel/feed/index.html]
[www.sydneyhappyhour.com/sydney-bars/the-eastern-suburbs/coogee-cafe-after-dark/feed/index.html]
[www.sydneyhappyhour.com/sydney-bars/the-eastern-suburbs/durty-nellys/feed/index.html]
[www.sydneyhappyhour.com/sydney-bars/the-eastern-suburbs/the-goldfish/feed/index.html]
[www.sydneyhappyhour.com/sydney-bars/the-eastern-suburbs/maroobra-bay-hotel/feed/index.html]
[www.sydneyhappyhour.com/sydney-bars/the-eastern-suburbs/the-peppermint-lounge/feed/index.html]
[www.sydneyhappyhour.com/sydney-bars/south-west-sydney/the-cauliflower-hotel/index.html]
[www.sydneyhappyhour.com/sydney-bars/south-west-sydney/the-cauliflower-hotel/index.html]
[www.sydneyhappyhour.com/sydney-bars/the-eastern-suburbs/prague-beer-restaurant/feed/index.html]
[www.sydneyhappyhour.com/sydney-bars/greater-western-sydney/tollgate-hotel/index.html]
[www.sydneyhappyhour.com/sydney-bars/greater-western-sydney/tollgate-hotel/index.html]
[www.sydneyhappyhour.com/sydney-bars/the-eastern-suburbs/the-bondi-hotel/feed/index.html]
[www.sydneyhappyhour.com/sydney-bars/the-eastern-suburbs/horses-and-coaches/feed/index.html]
[www.sydneyhappyhour.com/sydney-bars/the-eastern-suburbs/the-doncaster/feed/index.html]
[www.sydneyhappyhour.com/sydney-bars/north-shore/the-great-northern-hotel/index.html]
[www.sydneyhappyhour.com/sydney-bars/north-shore/the-great-northern-hotel/index.html]
[www.sydneyhappyhour.com/sydney-bars/the-eastern-suburbs/the-eastern/feed/index.html]
[www.sydneyhappyhour.com/sydney-bars/the-eastern-suburbs/the-vegas-hotel/feed/index.html]
[www.sydneyhappyhour.com/sydney-bars/sydney-cbd/the-porterhouse/feed/index.html]
[www.sydneyhappyhour.com/sydney-bars/sydney-cbd/the-brooklyn-hotel/feed/index.html]
[www.sydneyhappyhour.com/sydney-bars/the-inner-west/warren-view-hotel/feed/index.html]
[www.sydneyhappyhour.com/sydney-bars/south-west-sydney/index.html]
[www.sydneyhappyhour.com/sydney-bars/south-west-sydney/index.html]
[www.sydneyhappyhour.com/sydney-bars/the-inner-west/australian-youth-hotel/feed/index.html]
[www.sydneyhappyhour.com/sydney-bars/greater-western-sydney/canley-heights-rsl/feed/index.html]
[www.sydneyhappyhour.com/sydney-bars/the-inner-west/cat-and-fiddle-hotel/feed/index.html]
[www.sydneyhappyhour.com/sydney-bars/the-inner-west/drummoyne-sports-club/feed/index.html]
[www.sydneyhappyhour.com/sydney-bars/the-inner-west/duck-and-swan-hotel/feed/index.html]
[www.sydneyhappyhour.com/sydney-bars/the-inner-west/flying-fajita-sistas/feed/index.html]
[www.sydneyhappyhour.com/sydney-bars/greater-western-sydney/wallacia-hotel/index.html]
[www.sydneyhappyhour.com/sydney-bars/greater-western-sydney/wallacia-hotel/index.html]
[www.sydneyhappyhour.com/sydney-bars/the-inner-west/forest-lodge-hotel/feed/index.html]
[www.sydneyhappyhour.com/sydney-bars/the-inner-west/freaky-tiki/feed/index.html]
[www.sydneyhappyhour.com/sydney-bars/the-inner-west/freaky-tiki/174 King St Newtown.html]
[www.sydneyhappyhour.com/sydney-bars/the-inner-west/friend-in-hand/feed/index.html]
[www.sydneyhappyhour.com/sydney-bars/the-inner-west/madame-fling-flong/feed/index.html]
[www.sydneyhappyhour.com/sydney-bars/the-inner-west/malborough-hotel/feed/index.html]
[www.sydneyhappyhour.com/sydney-bars/the-inner-west/nags-head/feed/index.html]
[www.sydneyhappyhour.com/sydney-bars/the-inner-west/nags-head-hotel/feed/index.html]
[www.sydneyhappyhour.com/sydney-bars/the-inner-west/paddys-brewery/feed/index.html]
[www.sydneyhappyhour.com/sydney-bars/south-west-sydney/parkview-hotel/index.html]
[www.sydneyhappyhour.com/sydney-bars/south-west-sydney/parkview-hotel/index.html]
[www.sydneyhappyhour.com/sydney-bars/the-inner-west/red-lion-hotel/feed/index.html]
[www.sydneyhappyhour.com/sydney-bars/the-inner-west/sandringham-hotel/feed/index.html]
[www.sydneyhappyhour.com/sydney-bars/south-west-sydney/town-country-hotel/index.html]
[www.sydneyhappyhour.com/sydney-bars/south-west-sydney/town-country-hotel/index.html]
[www.sydneyhappyhour.com/sydney-bars/the-inner-west/the-ab-hotel/feed/index.html]
[www.sydneyhappyhour.com/sydney-bars/the-inner-west/the-coopers-hotel/feed/index.html]
[www.sydneyhappyhour.com/sydney-bars/the-inner-west/the-duke-of-edinburgh-hotel/feed/index.html]
[www.sydneyhappyhour.com/sydney-bars/greater-western-sydney/central-hotel/index.html]
[www.sydneyhappyhour.com/sydney-bars/greater-western-sydney/central-hotel/index.html]
[www.sydneyhappyhour.com/sydney-bars/the-inner-west/the-riverview-hotel/feed/index.html]
[www.sydneyhappyhour.com/sydney-bars/the-inner-west/the-roxbury/feed/index.html]
[www.sydneyhappyhour.com/sydney-bars/the-inner-west/the-town-hall-hotel/feed/index.html]
[www.sydneyhappyhour.com/sydney-bars/the-inner-west/tommys-beer-cafe/feed/index.html]
[www.sydneyhappyhour.com/sydney-bars/the-inner-west/tommys-beer-cafe/www.tommysbeercafe.com.html]
[www.sydneyhappyhour.com/sydney-bars/the-inner-west/universale-hotel/feed/index.html]
[www.sydneyhappyhour.com/sydney-bars/sydney-cbd/jacksons-on-george/feed/index.html]
[www.sydneyhappyhour.com/sydney-bars/sydney-cbd/v-bar/feed/index.html]
[www.sydneyhappyhour.com/sydney-bars/sydney-cbd/ambar/feed/index.html]
[www.sydneyhappyhour.com/sydney-bars/sydney-cbd/aurora-bar-lounge/feed/index.html]
[www.sydneyhappyhour.com/sydney-bars/sydney-cbd/aurora-hotel/feed/index.html]
[www.sydneyhappyhour.com/sydney-bars/sydney-cbd/bar-333/feed/index.html]
[www.sydneyhappyhour.com/sydney-bars/sydney-cbd/bar-ace/feed/index.html]
[www.sydneyhappyhour.com/sydney-bars/sydney-cbd/bar-century/feed/index.html]
[www.sydneyhappyhour.com/sydney-bars/sydney-cbd/bar-europa/feed/index.html]
[www.sydneyhappyhour.com/sydney-bars/sydney-cbd/belgian-beer-cafe-the-rocks/feed/index.html]
[www.sydneyhappyhour.com/sydney-bars/sydney-cbd/bentley-restuarant-bar/feed/index.html]
[www.sydneyhappyhour.com/sydney-bars/sydney-cbd/cargo-bar/feed/index.html]
[www.sydneyhappyhour.com/sydney-bars/sydney-cbd/central-hotel/feed/index.html]
[www.sydneyhappyhour.com/sydney-bars/sydney-cbd/edinburgh-castle-hotel/index.html]
[www.sydneyhappyhour.com/sydney-bars/sydney-cbd/edinburgh-castle-hotel/index.html]
[www.sydneyhappyhour.com/sydney-bars/sydney-cbd/charlie-chans/feed/index.html]
[www.sydneyhappyhour.com/sydney-bars/sydney-cbd/city-hotel/feed/index.html]
[www.sydneyhappyhour.com/sydney-bars/sydney-cbd/city-of-sydney-rsl/feed/index.html]
[www.sydneyhappyhour.com/sydney-bars/sydney-cbd/cohi-bar/feed/index.html]
[www.sydneyhappyhour.com/sydney-bars/sydney-cbd/cruise-bar/feed/index.html]
[www.sydneyhappyhour.com/sydney-bars/sydney-cbd/eden-bar-restaurant/feed/index.html]
[www.sydneyhappyhour.com/sydney-bars/sydney-cbd/firefly-wine-tapas-bar/feed/index.html]
[www.sydneyhappyhour.com/sydney-bars/sydney-cbd/harts-pub/feed/index.html]
[www.sydneyhappyhour.com/sydney-bars/sydney-cbd/haymarket-hotel/feed/index.html]
[www.sydneyhappyhour.com/sydney-bars/sydney-cbd/helm-bar/feed/index.html]
[www.sydneyhappyhour.com/sydney-bars/sydney-cbd/hotel-chambers/feed/index.html]
[www.sydneyhappyhour.com/sydney-bars/sydney-cbd/hotel-clarendon/feed/index.html]
[www.sydneyhappyhour.com/sydney-bars/sydney-cbd/hotel-coronation/feed/index.html]
[www.sydneyhappyhour.com/sydney-bars/sydney-cbd/lord-roberts-hotel/feed/index.html]
[www.sydneyhappyhour.com/sydney-bars/north-shore/the-blue-gum-hotel/index.html]
[www.sydneyhappyhour.com/sydney-bars/north-shore/the-blue-gum-hotel/index.html]
[www.sydneyhappyhour.com/sydney-bars/sydney-cbd/lord-wolseley/feed/index.html]
[www.sydneyhappyhour.com/sydney-bars/sydney-cbd/the-lowenbrau/feed/index.html]
[www.sydneyhappyhour.com/sydney-bars/sydney-cbd/maloneys-hotel/feed/index.html]
[www.sydneyhappyhour.com/sydney-bars/sydney-cbd/mars-lounge/feed/index.html]
[www.sydneyhappyhour.com/sydney-bars/sydney-cbd/martin-place-bar/feed/index.html]
[www.sydneyhappyhour.com/sydney-bars/sydney-cbd/mos-cafe/feed/index.html]
[www.sydneyhappyhour.com/sydney-bars/sydney-cbd/mrs-bs/feed/index.html]
[www.sydneyhappyhour.com/sydney-bars/sydney-cbd/one-world-sport/feed/index.html]
[www.sydneyhappyhour.com/sydney-bars/sydney-cbd/pj-obriens/feed/index.html]
[www.sydneyhappyhour.com/sydney-bars/sydney-cbd/the-pontoon-bar/feed/index.html]
[www.sydneyhappyhour.com/sydney-bars/sydney-cbd/red-oak-beer-cafe/feed/index.html]
[www.sydneyhappyhour.com/sydney-bars/sydney-cbd/roofbar/feed/index.html]
[www.sydneyhappyhour.com/sydney-bars/sydney-cbd/rosies-tavern/feed/index.html]
[www.sydneyhappyhour.com/sydney-bars/sydney-cbd/sanctuary-hotel/feed/index.html]
[www.sydneyhappyhour.com/sydney-bars/sydney-cbd/scruffy-murphys/feed/index.html]
[www.sydneyhappyhour.com/sydney-bars/sydney-cbd/scubar/feed/index.html]
[www.sydneyhappyhour.com/sydney-bars/sydney-cbd/searock-bar/feed/index.html]
[www.sydneyhappyhour.com/sydney-bars/sydney-cbd/the-shark-hotel/feed/index.html]
[www.sydneyhappyhour.com/sydney-bars/sydney-cbd/sir-john-young-hotel/feed/index.html]
[www.sydneyhappyhour.com/sydney-bars/sydney-cbd/slip-inn/feed/index.html]
[www.sydneyhappyhour.com/sydney-bars/sydney-cbd/small-bar/feed/index.html]
[www.sydneyhappyhour.com/sydney-bars/sydney-cbd/statement-lounge-bar/feed/index.html]
[www.sydneyhappyhour.com/sydney-bars/sydney-cbd/sydney-bowlers-club/feed/index.html]
[www.sydneyhappyhour.com/sydney-bars/sydney-cbd/the-arthouse-hotel/feed/index.html]
[www.sydneyhappyhour.com/sydney-bars/sydney-cbd/the-australian-hotel/feed/index.html]
[www.sydneyhappyhour.com/sydney-bars/sydney-cbd/the-belvedere-hotel/feed/index.html]
[www.sydneyhappyhour.com/sydney-bars/sydney-cbd/the-beresford-hotel/feed/index.html]
[www.sydneyhappyhour.com/sydney-bars/sydney-cbd/the-clare-hotel/feed/index.html]
[www.sydneyhappyhour.com/sydney-bars/sydney-cbd/the-clock-hotel/feed/index.html]
[www.sydneyhappyhour.com/sydney-bars/sydney-cbd/the-colombian-hotel/feed/index.html]
[www.sydneyhappyhour.com/sydney-bars/south-west-sydney/woolpack-hotel/index.html]
[www.sydneyhappyhour.com/sydney-bars/south-west-sydney/woolpack-hotel/index.html]
[www.sydneyhappyhour.com/sydney-bars/sydney-cbd/the-courthouse-hotel/feed/index.html]
[www.sydneyhappyhour.com/sydney-bars/sydney-cbd/the-establishment/feed/index.html]
[www.sydneyhappyhour.com/sydney-bars/sydney-cbd/the-forbes-hotel/feed/index.html]
[www.sydneyhappyhour.com/sydney-bars/sydney-cbd/the-glenmore-hotel/feed/index.html]
[www.sydneyhappyhour.com/sydney-bars/sydney-cbd/the-local-taphouse/index.html]
[www.sydneyhappyhour.com/sydney-bars/sydney-cbd/the-local-taphouse/index.html]
[www.sydneyhappyhour.com/sydney-bars/sydney-cbd/the-hunter-hotel/feed/index.html]
[www.sydneyhappyhour.com/sydney-bars/sydney-cbd/the-laugh-garage/feed/index.html]
[www.sydneyhappyhour.com/sydney-bars/sydney-cbd/the-macquarie-hotel/feed/index.html]
[www.sydneyhappyhour.com/sydney-bars/sydney-cbd/the-orbit-bar/feed/index.html]
[www.sydneyhappyhour.com/sydney-bars/sydney-cbd/the-oxford-hotel/feed/index.html]
[www.sydneyhappyhour.com/sydney-bars/sydney-cbd/the-peppermint-lounge/feed/index.html]
[www.sydneyhappyhour.com/sydney-bars/sydney-cbd/the-pumphouse-bar/feed/index.html]
[www.sydneyhappyhour.com/sydney-bars/sydney-cbd/the-rose-hotel/feed/index.html]
[www.sydneyhappyhour.com/sydney-bars/sydney-cbd/the-scary-canary/feed/index.html]
[www.sydneyhappyhour.com/sydney-bars/sydney-cbd/the-star-bar/feed/index.html]
[www.sydneyhappyhour.com/sydney-bars/sydney-cbd/the-verandah-bar/feed/index.html]
[www.sydneyhappyhour.com/sydney-bars/sydney-cbd/the-watershed-hotel/feed/index.html]
[www.sydneyhappyhour.com/sydney-bars/sydney-cbd/the-white-horse/feed/index.html]
[www.sydneyhappyhour.com/sydney-bars/sydney-cbd/the-winery/feed/index.html]
[www.sydneyhappyhour.com/sydney-bars/sydney-cbd/the-world-bar/feed/index.html]
[www.sydneyhappyhour.com/sydney-bars/sydney-cbd/the-wynard-hotel/feed/index.html]
[www.sydneyhappyhour.com/sydney-bars/sydney-cbd/tone/feed/index.html]
[www.sydneyhappyhour.com/sydney-bars/sydney-cbd/trumps-tavern/feed/index.html]
[www.sydneyhappyhour.com/sydney-bars/sydney-cbd/ventuno/feed/index.html]
[www.sydneyhappyhour.com/sydney-bars/sydney-cbd/world-tower-hotel/feed/index.html]
[www.sydneyhappyhour.com/sydney-bars/sydney-cbd/zeta-bar/feed/index.html]
[www.sydneyhappyhour.com/sydney-bars/the-hills-district/bull-bush-hotel/index.html]
[www.sydneyhappyhour.com/sydney-bars/the-hills-district/bull-bush-hotel/index.html]
[www.sydneyhappyhour.com/sydney-bars/north-shore/the-greengate-hotel/feed/index.html]
[www.sydneyhappyhour.com/sydney-bars/south-west-sydney/the-cauliflower-hotel/feed/index.html]
[www.sydneyhappyhour.com/sydney-bars/greater-western-sydney/tollgate-hotel/feed/index.html]
[www.sydneyhappyhour.com/sydney-bars/north-shore/the-great-northern-hotel/feed/index.html]
[www.sydneyhappyhour.com/sydney-bars/south-west-sydney/feed/index.html]
[www.sydneyhappyhour.com/sydney-bars/greater-western-sydney/wallacia-hotel/feed/index.html]
[www.sydneyhappyhour.com/sydney-bars/south-west-sydney/parkview-hotel/feed/index.html]
[www.sydneyhappyhour.com/sydney-bars/south-west-sydney/town-country-hotel/feed/index.html]
[www.sydneyhappyhour.com/sydney-bars/greater-western-sydney/central-hotel/feed/index.html]
[www.sydneyhappyhour.com/sydney-bars/sydney-cbd/edinburgh-castle-hotel/feed/index.html]
[www.sydneyhappyhour.com/sydney-bars/north-shore/the-blue-gum-hotel/feed/index.html]
[www.sydneyhappyhour.com/sydney-bars/the-hills-district/index.html]
[www.sydneyhappyhour.com/sydney-bars/the-hills-district/index.html]
[www.sydneyhappyhour.com/sydney-bars/south-west-sydney/woolpack-hotel/feed/index.html]
[www.sydneyhappyhour.com/sydney-bars/sydney-cbd/the-local-taphouse/feed/index.html]
[www.sydneyhappyhour.com/sydney-bars/the-hills-district/bull-bush-hotel/feed/index.html]
